Starting OrangeFox Recovery Unofficial [A13+, core: R11.2] (built on Sat Mar 22 22:40:43 2025 for Itel-S666LN [dev_ver: 2025-03-15 (782bf84e)]; pid 305)
I:=> device id not found, using 'serialno'
TW_NO_USB_STORAGE := true
PRODUCT_USE_DYNAMIC_PARTITIONS := true
TW_INCLUDE_CRYPTO := true
I:Found brightness file at '/sys/class/leds/lcd-backlight/brightness'
I:TWFunc::Set_Brightness: Setting brightness control to 2047
I:TW_EXCLUDE_ENCRYPTED_BACKUPS := true
I:LANG: en
I:AB_OTA_UPDATER := true
boot command: boot-recovery
I:Startup Commands: 
=> Linking mtab
=> Processing /etc/recovery.fstab
I:Reading /etc/twrp.flags
I:Reading /etc/recovery.fstab
I:Processing '/system'
I:Created '/system_root' folder.
I:Trying to prepare system from super partition
I:Symlinking /dev/block/dm-2 => /dev/block/bootdevice/by-name/system 
I:Symlinking /dev/block/dm-2 => /dev/block/by-name/system 
I:Found an additional entry for '/system'
I:Processing '/system'
I:Processing '/vendor'
I:Trying to prepare vendor from super partition
I:Symlinking /dev/block/dm-3 => /dev/block/bootdevice/by-name/vendor 
I:Symlinking /dev/block/dm-3 => /dev/block/by-name/vendor 
I:Processing '/product'
I:Trying to prepare product from super partition
I:Symlinking /dev/block/dm-4 => /dev/block/bootdevice/by-name/product 
I:Symlinking /dev/block/dm-4 => /dev/block/by-name/product 
I:Processing '/system_ext'
I:Trying to prepare system_ext from super partition
I:Symlinking /dev/block/dm-5 => /dev/block/bootdevice/by-name/system_ext 
I:Symlinking /dev/block/dm-5 => /dev/block/by-name/system_ext 
I:Found an additional entry for '/vendor'
I:Processing '/vendor'
I:Found an additional entry for '/product'
I:Processing '/product'
I:Found an additional entry for '/system_ext'
I:Processing '/system_ext'
I:Processing '/vendor_dlkm'
I:Trying to prepare vendor_dlkm from super partition
I:Symlinking /dev/block/dm-6 => /dev/block/bootdevice/by-name/vendor_dlkm 
I:Symlinking /dev/block/dm-6 => /dev/block/by-name/vendor_dlkm 
I:Processing '/odm_dlkm'
I:Trying to prepare odm_dlkm from super partition
I:Symlinking /dev/block/dm-7 => /dev/block/bootdevice/by-name/odm_dlkm 
I:Symlinking /dev/block/dm-7 => /dev/block/by-name/odm_dlkm 
I:Processing '/metadata'
I:Processing '/data'
I:FBE contents 'aes-256-xts', filenames 'aes-256-cts:v2+inlinecrypt_optimized'
I:setting Key_Directory to: /metadata/vold/metadata_encryption
I:Processing '/misc'
I:Processing '/cache'
I:Created '/cache' folder.
I:Processing remaining twrp.flags
I:Processing '/boot'
I:Processing '/dtbo'
I:Processing '/expdb'
I:Processing '/external_sd'
I:Created '/external_sd' folder.
I:Processing '/logo'
I:Processing '/nvcfg'
I:Created '/nvcfg' folder.
I:Processing '/nvdata'
I:Created '/nvdata' folder.
I:Processing '/nvram'
I:Processing '/otp'
I:Processing '/persist_image'
I:Processing '/persistent'
I:Processing '/product_image'
I:Processing '/protect_f'
I:Created '/protect_f' folder.
I:Processing '/protect_s'
I:Created '/protect_s' folder.
I:Processing '/seccfg'
I:Processing '/spmfw'
I:Processing '/system_ext_image'
I:Processing '/system_image'
I:Processing '/tee1'
I:Processing '/tee2'
I:Processing '/usb_otg'
I:Created '/usb_otg' folder.
I:Processing '/vbmeta'
I:Processing '/vbmeta_system'
I:Processing '/vbmeta_vendor'
I:Processing '/vendor_boot'
I:Processing '/vendor_dlkm_image'
I:Processing '/vendor_image'
I:Setting 'external_storage.projid.enabled' to '1' from /vendor/build.prop
I:Setting 'external_storage.casefold.enabled' to '1' from /vendor/build.prop
I:Setting 'external_storage.sdcardfs.enabled' to '0' from /vendor/build.prop
I:GetFstabPath: /odm/etc/fstab.mt6789
I:GetFstabPath: /vendor/etc/fstab.mt6789
I:Fstab: /vendor/etc/fstab.mt6789
I:Reading /etc/additional.fstab
I:Processing '/metadata'
I:Unhandled flag: 'first_stage_mount'
I:Processing '/data'
I:Unhandled flag: 'latemount'
I:Unhandled flag: 'reservedsize=128m'
I:Unhandled flag: 'checkpoint=fs'
I:FBE contents 'aes-256-xts', filenames 'aes-256-cts:v2+inlinecrypt_optimized'
I:setting Key_Directory to: /metadata/vold/metadata_encryption
I:Unhandled flag: 'fsverity'
I:Done processing fstab files
I:Keymaster_Ver::Force Keymaster_Ver flag found.
I:Keymaster_Ver::Using keymaster version '4.1' for decryption
Starting the UI...
Skipping adf graphics -- not present in build tree
width: 720, height: 1612
setting DRM_FORMAT_XBGR8888 and GGL_PIXEL_FORMAT_RGBA_8888
setting DRM_FORMAT_XBGR8888 and GGL_PIXEL_FORMAT_RGBA_8888
Could not find obj_id = 34
Could not find obj_id = 46
Atomic Commit succeedUsing drm graphics.
I:TWFunc::Set_Brightness: Setting brightness control to 2047
I:Loading package: splash (/twres/splash.xml)
I:Load XML directly
I:PageManager::LoadFileToBuffer loading filename: '/twres/splash.xml' directly
I:Checking resolution...
I:Scaling theme width 0.666667x and height 0.671667x, offsets x: 0 y: 0 w: 0 h: 0
I:Loading resources...
I:Loading variables...
I:Loading mouse cursor...
I:Loading pages...
I:Loading page splash
I:Switching packages (splash)
I:Can't probe device /dev/block/sdc65
I:Unable to mount '/data'
I:Actual block device: '/dev/block/sdc65', current file system: 'f2fs'
I:Apex is disabled in this build
I:Using automatic handling for /data/media emulated storage device.
I:Setting up '/data' as data/media emulated storage.
I:Can't probe device /dev/block/sdc65
I:Unable to mount '/data'
I:Actual block device: '/dev/block/sdc65', current file system: 'f2fs'
I:Backup folder set to '/data/media/Fox/BACKUPS/serialno'
I:Settings storage is '/data/media'
Using additional fstab for decryption /etc/additional.fstab 
I:Successfully decrypted metadata encrypted data partition with new block device: '/dev/block/dm-8'
I:File Based Encryption is present
Attempting to initialize DE keys
SELinux: Loaded file_contexts
Handle is 'fde37accb58c8399'
password type: PIN
I:PageManager::LoadFileToBuffer loading filename: '/data/system/users/0.xml' directly
Handle is 'fde37accb58c8399'
password type: PIN
I:User 0 is not decrypted.
Updating partition details...
I:cmd: /system/bin/exfat-fuse -o big_writes,max_read=131072,max_write=131072 /dev/block/mmcblk0p1 /external_sd
I:Data backup size is 14732MB, free: 159570MB.
...done
/super | /dev/block/by-name/super | Size: 0MB
   Flags: Can_Be_Backed_Up IsPresent Can_Flash_Img 
   Alternate_Block_Device: /dev/block/by-name/super
   Display_Name: super
   Backup_Path: /super
   Backup_Name: super
   Backup_Display_Name: Super (system vendor product system_ext)
   Current_File_System: emmc
   Backup_Method: dd

I:Unmounting main partitions...
I:Loading package: OrangeFox (/twres/ui.xml)
I:Load XML directly
I:PageManager::LoadFileToBuffer loading filename: '/twres/languages/zn_TW.xml' directly
I:PageManager::LoadFileToBuffer loading filename: '/twres/languages/zh_CN.xml' directly
I:PageManager::LoadFileToBuffer loading filename: '/twres/languages/ua.xml' directly
I:PageManager::LoadFileToBuffer loading filename: '/twres/languages/tr.xml' directly
I:PageManager::LoadFileToBuffer loading filename: '/twres/languages/ru.xml' directly
I:PageManager::LoadFileToBuffer loading filename: '/twres/languages/ro.xml' directly
I:PageManager::LoadFileToBuffer loading filename: '/twres/languages/pt_PT.xml' directly
I:PageManager::LoadFileToBuffer loading filename: '/twres/languages/pl.xml' directly
I:PageManager::LoadFileToBuffer loading filename: '/twres/languages/it.xml' directly
I:PageManager::LoadFileToBuffer loading filename: '/twres/languages/id.xml' directly
I:PageManager::LoadFileToBuffer loading filename: '/twres/languages/hu.xml' directly
I:PageManager::LoadFileToBuffer loading filename: '/twres/languages/fr.xml' directly
I:PageManager::LoadFileToBuffer loading filename: '/twres/languages/es-ES.xml' directly
I:PageManager::LoadFileToBuffer loading filename: '/twres/languages/en.xml' directly
I:PageManager::LoadFileToBuffer loading filename: '/twres/languages/el.xml' directly
I:PageManager::LoadFileToBuffer loading filename: '/twres/languages/de.xml' directly
I:PageManager::LoadFileToBuffer loading filename: '/twres/languages/cs.xml' directly
I:PageManager::LoadFileToBuffer loading filename: '/twres/languages/en.xml' directly
parsing languageFile
parsing languageFile done
I:PageManager::LoadFileToBuffer loading filename: '/twres/ui.xml' directly
I:Checking resolution...
I:Scaling theme width 0.666667x and height 0.671667x, offsets x: 0 y: 0 w: 0 h: 0
I:Loading resources...
I:Loading variables...
I:Loading mouse cursor...
I:Loading pages...
I:Including file: /sdcard/Fox//.navbar/navbar.xml...
I:PageManager::LoadFileToBuffer loading filename: '/sdcard/Fox//.navbar/navbar.xml' directly
I:PageManager::LoadFileToBuffer loading filename: '/twres/themes/navbar.xml' directly
I:Loading resources...
I:Loading variables...
I:Loading mouse cursor...
I:Loading pages...
I:Including file: /sdcard/Fox//.theme/font.xml...
I:PageManager::LoadFileToBuffer loading filename: '/sdcard/Fox//.theme/font.xml' directly
I:PageManager::LoadFileToBuffer loading filename: '/twres/themes/font.xml' directly
I:Loading resources...
I:Loading variables...
I:Loading mouse cursor...
I:Loading pages...
I:Including file: /sdcard/Fox//.theme/style.xml...
I:PageManager::LoadFileToBuffer loading filename: '/sdcard/Fox//.theme/style.xml' directly
I:PageManager::LoadFileToBuffer loading filename: '/twres/themes/style.xml' directly
I:Loading resources...
I:Failed to load image from Default/Progress/indeterminate033, error -1
I:Loading variables...
I:Loading mouse cursor...
I:Loading pages...
I:Including file: /sdcard/Fox//.theme/accent.xml...
I:PageManager::LoadFileToBuffer loading filename: '/sdcard/Fox//.theme/accent.xml' directly
I:PageManager::LoadFileToBuffer loading filename: '/twres/themes/accent.xml' directly
I:Loading resources...
I:Loading variables...
I:Loading mouse cursor...
I:Loading pages...
I:Including file: /sdcard/Fox//.theme/action.xml...
I:PageManager::LoadFileToBuffer loading filename: '/sdcard/Fox//.theme/action.xml' directly
I:PageManager::LoadFileToBuffer loading filename: '/twres/themes/action.xml' directly
I:Loading resources...
I:Loading variables...
I:Loading mouse cursor...
I:Loading pages...
I:Including file: /twres/resources/images.xml...
I:PageManager::LoadFileToBuffer loading filename: '/twres/resources/images.xml' directly
I:Loading resources...
I:Loading variables...
I:Loading mouse cursor...
I:Loading pages...
I:Including file: /twres/resources/vars.xml...
I:PageManager::LoadFileToBuffer loading filename: '/twres/resources/vars.xml' directly
I:Loading resources...
I:Loading variables...
I:Loading mouse cursor...
I:Loading pages...
I:Including file: /twres/resources/styles.xml...
I:PageManager::LoadFileToBuffer loading filename: '/twres/resources/styles.xml' directly
I:Loading resources...
I:Loading variables...
I:Loading mouse cursor...
I:Loading pages...
I:Including file: /twres/pages/templates/base.xml...
I:PageManager::LoadFileToBuffer loading filename: '/twres/pages/templates/base.xml' directly
I:Loading resources...
I:Loading variables...
I:Loading mouse cursor...
I:Loading pages...
I:Including file: /twres/pages/templates/keyboard.xml...
I:PageManager::LoadFileToBuffer loading filename: '/twres/pages/templates/keyboard.xml' directly
I:Loading resources...
I:Loading variables...
I:Loading mouse cursor...
I:Loading pages...
I:Including file: /twres/pages/templates/navbar.xml...
I:PageManager::LoadFileToBuffer loading filename: '/twres/pages/templates/navbar.xml' directly
I:Loading resources...
I:Loading variables...
I:Loading mouse cursor...
I:Loading pages...
I:Including file: /twres/pages/templates/statusbar.xml...
I:PageManager::LoadFileToBuffer loading filename: '/twres/pages/templates/statusbar.xml' directly
I:Loading resources...
I:Loading variables...
I:Loading mouse cursor...
I:Loading pages...
I:Including file: /twres/pages/templates/templates.xml...
I:PageManager::LoadFileToBuffer loading filename: '/twres/pages/templates/templates.xml' directly
I:Loading resources...
I:Loading variables...
I:Loading mouse cursor...
I:Loading pages...
I:Including file: /twres/pages/main.xml...
I:PageManager::LoadFileToBuffer loading filename: '/twres/pages/main.xml' directly
I:Loading resources...
I:Loading variables...
I:Loading mouse cursor...
I:Loading pages...
I:Loading page main
I:Loading page navbar
I:Loading page welcome
I:Loading page aroma_busy
I:Loading page fastboot
I:Including file: /twres/pages/pass.xml...
I:PageManager::LoadFileToBuffer loading filename: '/twres/pages/pass.xml' directly
I:Loading resources...
I:Loading variables...
I:Loading mouse cursor...
I:Loading pages...
I:Loading page password_enter
I:Loading page password_enter_num
I:Loading page password_enter_pattern
I:Loading page password_check
I:Loading page pass_pattern
I:Loading page pass_pattern_2
I:Loading page pass_text
I:Loading page pass_text_2
I:Loading page pass_pin
I:Loading page pass_pin_2
I:Loading page pass_remove
I:Loading page pass_check
I:Including file: /twres/pages/install.xml...
I:PageManager::LoadFileToBuffer loading filename: '/twres/pages/install.xml' directly
I:Loading resources...
I:Loading variables...
I:Loading mouse cursor...
I:Loading pages...
I:Loading page flash_confirm
I:Loading page fox_modules_confirm
I:Loading page queueview
I:Loading page flash_image_confirm
I:Loading page flash_image_ab
I:Loading page add_zip
I:Loading page flash_zip
I:Loading page flash_image
I:Loading page flash_done
I:Loading page flash_sleep_and_reboot
I:Loading page flash_image_done
I:Including file: /twres/pages/wipe.xml...
I:PageManager::LoadFileToBuffer loading filename: '/twres/pages/wipe.xml' directly
I:Loading resources...
I:Loading variables...
I:Loading mouse cursor...
I:Loading pages...
I:Loading page wipe
I:Loading page formatdata
I:Loading page formatdata_confirm
I:Loading page wipe_confirm_action
I:Loading page wipe_action_page
I:Loading page wipe_action_complete
I:Loading page checkpartitionlist
I:Loading page partitionoptions
I:Loading page refreshfilesystem
I:Loading page selectfilesystem
I:Loading page part_options
I:Including file: /twres/pages/backup.xml...
I:PageManager::LoadFileToBuffer loading filename: '/twres/pages/backup.xml' directly
I:Loading resources...
I:Loading variables...
I:Loading mouse cursor...
I:Loading pages...
I:Loading page backup
I:Loading page check_storage_back
I:Loading page backup_prep
I:Loading page backupname
I:Loading page backupname_auto
I:Loading page backup_encryption
I:Loading page backup_encryption2
I:Loading page checkbackuppassword
I:Loading page checkbackuppassword2
I:Loading page backup_run
I:Loading page backup_digest
I:Loading page backup_action_complete
I:Including file: /twres/pages/restore.xml...
I:PageManager::LoadFileToBuffer loading filename: '/twres/pages/restore.xml' directly
I:Loading resources...
I:Loading variables...
I:Loading mouse cursor...
I:Loading pages...
I:Loading page restore
I:Loading page restore_prep
I:Loading page restore_read
I:Loading page restore_decrypt
I:Loading page try_restore_decrypt
I:Loading page restore_select
I:Loading page renamebackup
I:Loading page deletebackup
I:Loading page restore_run
I:Loading page restore_confirm_action
I:Loading page restore_action_page
I:Loading page restore_action_complete
I:Including file: /twres/pages/mount.xml...
I:PageManager::LoadFileToBuffer loading filename: '/twres/pages/mount.xml' directly
I:Loading resources...
I:Loading variables...
I:Loading mouse cursor...
I:Loading pages...
I:Loading page mount
I:Loading page usb_mount
I:Loading page system_readonly_check
I:Loading page system_readonly_check_ext_context
I:Loading page system_readonly
I:Loading page system_readonly_mount
I:Loading page decrypt
I:Loading page decrypt_pin
I:Loading page decrypt_pattern
I:Loading page decrypt_redirect
I:Loading page trydecrypt
I:Loading page reapply_settings
I:Loading page decrypt_users
I:Loading page decrypt_users2
I:Including file: /twres/pages/files.xml...
I:PageManager::LoadFileToBuffer loading filename: '/twres/pages/files.xml' directly
I:Loading resources...
I:Loading variables...
I:Loading mouse cursor...
I:Loading pages...
I:Loading page filemanagerlist
I:Loading page file_quick_actions
I:Loading page file_quick_actions_dark
I:Loading page select_path
I:Loading page select_path_dark
I:Loading page files_mkdir
I:Loading page fm_multiselection
I:Loading page fm_ms_actions
I:Loading page file_search
I:Loading page file_dark_search
I:Loading page files_redirect
I:Loading page files_bookmarks_prepare
I:Loading page files_bookmarks
I:Loading page filemanageroptions
I:Loading page openas
I:Loading page fm_file_checksum
I:Loading page fm_file_checksum_calc
I:Loading page fm_file_info
I:Loading page choosedestinationfolder
I:Loading page filemanagerrenamefile
I:Loading page filemanagerrenamefolder
I:Loading page filemanagerchmod
I:Loading page filemanagerchmod_key
I:Loading page filemanagerconfirm
I:Loading page archive_confirm
I:Loading page archive_cmd
I:Loading page filemanageraction
I:Loading page filemanagercomplete
I:Loading page cat_file
I:Including file: /twres/pages/rmmanager.xml...
I:PageManager::LoadFileToBuffer loading filename: '/twres/pages/rmmanager.xml' directly
I:Loading resources...
I:Loading variables...
I:Loading mouse cursor...
I:Loading pages...
I:Loading page modules_mount
I:Loading page modules_unmount
I:Loading page root_modules
I:Loading page module_actions
I:Loading page module_delete
I:Including file: /twres/pages/advanced.xml...
I:PageManager::LoadFileToBuffer loading filename: '/twres/pages/advanced.xml' directly
I:Loading resources...
I:Loading variables...
I:Loading mouse cursor...
I:Loading pages...
I:Loading page advanced
I:Loading page mod_survival
I:Loading page mod_magisk
I:Loading page mod_unmagisk
I:Loading page mod_reset
I:Loading page mod_pass
I:Loading page fox_modules
I:Loading page partsdcard
I:Loading page terminal
I:Loading page sideload
I:Loading page fixcontexts
I:Loading page apps_load
I:Loading page apps_list
I:Unable to open '/tmp/listapps/list'
I:Unable to open '/tmp/listapps/list'
I:Including file: /twres/pages/reboot.xml...
I:PageManager::LoadFileToBuffer loading filename: '/twres/pages/reboot.xml' directly
I:Loading resources...
I:Loading variables...
I:Loading mouse cursor...
I:Loading pages...
I:Loading page reboot
I:Loading page set_slot
I:Including file: /twres/pages/settings.xml...
I:PageManager::LoadFileToBuffer loading filename: '/twres/pages/settings.xml' directly
I:Loading resources...
I:Loading variables...
I:Loading mouse cursor...
I:Loading pages...
I:Loading page settings
I:Loading page ext_context
I:Loading page ext_general
I:Loading page pass_select
I:Loading page ext_screen
I:Loading page ext_vibrate
I:Loading page ext_backup
I:Loading page ext_time
I:Loading page ext_time_offset
I:Loading page check_zone
I:Loading page ext_time_lang
I:Loading page ext_time_lang_busy
I:Loading page about
I:Loading page about_credits
I:Parsing file: /twres/credits.txt
I:Parsing file: /twres/translators.txt
I:Parsing file: /twres/changelog.txt
I:Loading page ext_gov
I:Loading page ext_backup_quick
I:Including file: /twres/pages/universal.xml...
I:PageManager::LoadFileToBuffer loading filename: '/twres/pages/universal.xml' directly
I:Loading resources...
I:Loading variables...
I:Loading mouse cursor...
I:Loading pages...
I:Loading page filecheck
I:Loading page rebootcheck
I:Loading page rebootcheckoverlay
I:Loading page no_os_warning
I:Loading page clear_vars
I:Loading page confirm_action
I:Loading page action_page
I:Loading page ota_simple
I:Loading page singleaction_page
I:Loading page action_complete
I:Including file: /twres/pages/anywhere.xml...
I:PageManager::LoadFileToBuffer loading filename: '/twres/pages/anywhere.xml' directly
I:Loading resources...
I:Loading variables...
I:Loading mouse cursor...
I:Loading pages...
I:Loading page lock
I:Loading page console
I:Including file: /twres/pages/dialogs.xml...
I:PageManager::LoadFileToBuffer loading filename: '/twres/pages/dialogs.xml' directly
I:Loading resources...
I:Loading variables...
I:Loading mouse cursor...
I:Loading pages...
I:Loading page menu
I:Loading page menu_sort
I:Loading page fm_sort
I:Loading page dialog_magisk_not_found
I:Loading page dialog_modules_cannot_mount
I:Loading page dialog_reset_average
I:Loading page dialog_lost_info
I:Loading page dialog_app
I:Loading page dialog_error_partition
I:Loading page pass_error
I:Including file: /twres/pages/customization.xml...
I:PageManager::LoadFileToBuffer loading filename: '/twres/pages/customization.xml' directly
I:Loading resources...
I:Loading variables...
I:Loading mouse cursor...
I:Loading pages...
I:Loading page ext_custom_reset
I:Loading page ext_custom_gest
I:Loading page ext_custom
I:Loading page ext_custom_status
I:Loading page ext_custom_key
I:Loading page ext_custom_lock
I:Loading page ext_custom_nav
I:Loading page ext_custom_other
I:Loading page ext_custom_nav_error
I:Loading page ext_custom_nav_no_switch
I:Loading page ext_custom_fonts_check
I:Loading page ext_custom_fonts
I:Loading page ext_custom_fonts_sec
I:Loading page ext_custom_fonts_size
I:Loading page ext_custom_fonts_cn
I:Loading page ext_custom_theme
I:Loading page ext_custom_splash
I:Loading page ext_custom_splash_color
I:Loading page ext_custom_splash_logo
I:Loading page ext_custom_splash_select
I:Loading page apply_changes
I:Loading page apply_splash
I:Loading page get_splash_info
I:Including file: /twres/pages/fox.xml...
I:PageManager::LoadFileToBuffer loading filename: '/twres/pages/fox.xml' directly
I:Loading resources...
I:Loading variables...
I:Loading mouse cursor...
I:Loading pages...
I:Loading page fox_ota
I:Loading page fox_ota_lite
I:Loading page fox_lab
I:Loading page debug_pages
I:Loading page debug
I:Loading page debug_plus
I:Loading page scaling
I:Including file: /sbin/maintainer.xml...
I:PageManager::LoadFileToBuffer loading filename: '/sbin/maintainer.xml' directly
I:PageManager::LoadFileToBuffer loading filename: '/twres/pages/dummy.xml' directly
I:Loading resources...
I:Loading variables...
I:Loading mouse cursor...
I:Loading pages...
I:Loading page maintainer
I:Set page: 'decrypt_pin'
I:Switching packages (OrangeFox)
ro.boot.bootreason=reboot
ro.boot.mode=recovery
ro.boot.dtb_idx=0
ro.boot.phandle=
ro.boot.dtbo_idx=0
ro.boot.hardware=mt6789
ro.boot.efusemode=hw
ro.boot.blow_disbrom=0
ro.boot.boot_devices=bootdevice,soc/11270000.ufshci,11270000.ufshci
ro.boot.verifiedbootstate=orange
ro.baseband=unknown
ro.bootmode=recovery
ro.hardware=mt6789
ro.revision=0
ro.bootloader=unknown
ro.boottime.mtk.plpath.utils.link=3600806769
ro.boottime.adbd=3617241846
ro.boottime.init=1637375307
ro.boottime.init.modules=1311
ro.boottime.init.selinux=292965231
ro.boottime.init.first_stage=1359997000
ro.boottime.init.cold_boot_wait=217
ro.boottime.logd=3555825538
ro.boottime.vendor.gatekeeper-1-0=3626796307
ro.boottime.vendor.keymint-trustonic=3621069769
ro.boottime.ueventd=3330266769
ro.boottime.mobicore=3624544000
ro.boottime.recovery=3597103384
ro.boottime.keystore2=3565796846
ro.boottime.boot-hal-1-2=3587817769
ro.boottime.health-hal-2-1=3592892538
ro.boottime.servicemanager=3561198769
ro.boottime.hwservicemanager=3559112923
ro.boottime.vndservicemanager=3563120000
ro.boottime.init.fsck.data=19995
ro.boottime.init.mount.data=323
ro.product.bootimage.name=gsi_arm64
ro.product.bootimage.brand=Android
ro.product.bootimage.model=GSI on ARM64
ro.product.bootimage.device=generic_arm64
ro.product.bootimage.manufacturer=unknown
ro.bootimage.build.id=SGR1.241104.001.A3
ro.bootimage.build.date=Tue Dec 17 06:44:06 UTC 2024
ro.bootimage.build.date.utc=1609430400
ro.bootimage.build.tags=release-keys
ro.bootimage.build.type=user
ro.bootimage.build.version.sdk=31
ro.bootimage.build.version.release=12
ro.bootimage.build.version.incremental=12810852
ro.bootimage.build.version.release_or_codename=12
ro.bootimage.build.fingerprint=Android/gsi_arm64/generic_arm64:12/SGR1.241104.001.A3/12810852:user/release-keys
ro.odm.build.date=Sun Mar 23 05:39:09 WIB 2025
ro.odm.build.date.utc=1742683149
ro.odm.build.version.incremental=eng.jack.20250323.053953
ro.odm.build.fingerprint=Itel/fox_S666LN/Itel-S666LN:99.87.36/SP2A.220405.004/jack03230539:eng/test-keys
ro.product.odm.name=S666LN
ro.product.odm.brand=Itel
ro.product.odm.model=Itel S666LN
ro.product.odm.device=Itel-S666LN
ro.product.odm.manufacturer=Itel
ro.build.id=SP2A.220405.004
ro.build.date=Sun Mar 23 05:39:09 WIB 2025
ro.build.date.utc=1609430400
ro.build.host=ubuntu
ro.build.tags=test-keys
ro.build.type=eng
ro.build.user=jack
ro.build.flavor=fox_S666LN-eng
ro.build.display.id=fox_S666LN-eng 99.87.36 SP2A.220405.004 eng.jack.20250323.053953 test-keys
ro.build.product=Itel-S666LN
ro.build.version.sdk=32
ro.build.version.base_os=
ro.build.version.release=99.87.36
ro.build.version.codename=REL
ro.build.version.incremental=eng.jack.20250323.053953
ro.build.version.preview_sdk=0
ro.build.version.all_codenames=REL
ro.build.version.security_patch=2099-12-31
ro.build.version.release_or_codename=99.87.36
ro.build.version.preview_sdk_fingerprint=REL
ro.build.version.min_supported_target_sdk=23
ro.build.description=fox_S666LN-eng 99.87.36 SP2A.220405.004 eng.jack.20250323.053953 test-keys
ro.build.characteristics=default
ro.secure=0
ro.system.build.id=SP2A.220405.004
ro.system.build.date=Sun Mar 23 05:39:09 WIB 2025
ro.system.build.date.utc=1742683149
ro.system.build.tags=test-keys
ro.system.build.type=eng
ro.system.build.version.sdk=32
ro.system.build.version.release=99.87.36
ro.system.build.version.incremental=eng.jack.20250323.053953
ro.system.build.version.release_or_codename=99.87.36
ro.system.build.fingerprint=Itel/fox_S666LN/Itel-S666LN:99.87.36/SP2A.220405.004/jack03230539:eng/test-keys
ro.treble.enabled=true
ro.product.cpu.abi=arm64-v8a
ro.product.cpu.abilist=arm64-v8a
ro.product.cpu.abilist32=
ro.product.cpu.abilist64=arm64-v8a
ro.product.name=S666LN
ro.product.brand=Itel
ro.product.build.id=SP2A.220405.004
ro.product.build.date=Sun Mar 23 05:39:09 WIB 2025
ro.product.build.date.utc=1742683149
ro.product.build.tags=test-keys
ro.product.build.type=eng
ro.product.build.version.sdk=32
ro.product.build.version.release=99.87.36
ro.product.build.version.incremental=eng.jack.20250323.053953
ro.product.build.version.release_or_codename=99.87.36
ro.product.build.fingerprint=Itel/fox_S666LN/Itel-S666LN:99.87.36/SP2A.220405.004/jack03230539:eng/test-keys
ro.product.model=Itel S666LN
ro.product.device=Itel-S666LN
ro.product.system.name=fox_S666LN
ro.product.system.brand=Itel
ro.product.system.model=Itel S666LN
ro.product.system.device=Itel RS4
ro.product.system.manufacturer=Itel
ro.product.product.name=fox_S666LN
ro.product.product.brand=Itel
ro.product.product.model=Itel S666LN
ro.product.product.device=Itel-S666LN
ro.product.product.manufacturer=Itel
ro.product.system_ext.name=fox_S666LN
ro.product.system_ext.brand=Itel
ro.product.system_ext.model=Itel S666LN
ro.product.system_ext.device=Itel-S666LN
ro.product.system_ext.manufacturer=Itel
ro.product.manufacturer=Itel
ro.debuggable=1
ro.system_ext.build.id=SP2A.220405.004
ro.system_ext.build.date=Sun Mar 23 05:39:09 WIB 2025
ro.system_ext.build.date.utc=1742683149
ro.system_ext.build.tags=test-keys
ro.system_ext.build.type=eng
ro.system_ext.build.version.sdk=32
ro.system_ext.build.version.release=99.87.36
ro.system_ext.build.version.incremental=eng.jack.20250323.053953
ro.system_ext.build.version.release_or_codename=99.87.36
ro.system_ext.build.fingerprint=Itel/fox_S666LN/Itel-S666LN:99.87.36/SP2A.220405.004/jack03230539:eng/test-keys
ro.actionable_compatible_property.enabled=true
ro.vendor.build.id=SP2A.220405.004
ro.vendor.build.date=Sun Mar 23 05:39:09 WIB 2025
ro.vendor.build.date.utc=1742683149
ro.vendor.build.tags=test-keys
ro.vendor.build.type=eng
ro.vendor.build.version.sdk=32
ro.vendor.build.version.release=99.87.36
ro.vendor.build.version.incremental=eng.jack.20250323.053953
ro.vendor.build.version.release_or_codename=99.87.36
ro.vendor.build.fingerprint=Itel/fox_S666LN/Itel-S666LN:99.87.36/SP2A.220405.004/jack03230539:eng/test-keys
ro.vendor.product.cpu.abilist=arm64-v8a
ro.vendor.product.cpu.abilist32=
ro.vendor.product.cpu.abilist64=arm64-v8a
ro.product.board=mt6789
ro.product.vendor.name=S666LN
ro.product.vendor.brand=Itel
ro.product.vendor.model=Itel S666LN
ro.product.vendor.device=Itel-S666LN
ro.product.vendor.manufacturer=Itel
ro.product.first_api_level=31
ro.cold_boot_done=true
ro.bionic.arch=arm64
ro.bionic.2nd_arch=arm
ro.bionic.cpu_variant=cortex-a55
ro.bionic.2nd_cpu_variant=cortex-a55
ro.dalvik.vm.native.bridge=0
ro.zygote=zygote64
dalvik.vm.isa.arm.variant=cortex-a55
dalvik.vm.isa.arm.features=default
dalvik.vm.isa.arm64.variant=cortex-a55
dalvik.vm.isa.arm64.features=default
dalvik.vm.dexopt.secondary=true
dalvik.vm.dexopt.thermal-cutoff=2
dalvik.vm.usejit=true
dalvik.vm.madvise.artfile.size=4294967295
dalvik.vm.madvise.odexfile.size=104857600
dalvik.vm.madvise.vdexfile.size=104857600
dalvik.vm.lockprof.threshold=500
dalvik.vm.dex2oat-Xms=64m
dalvik.vm.dex2oat-Xmx=512m
dalvik.vm.minidebuginfo=true
dalvik.vm.appimageformat=lz4
dalvik.vm.usejitprofiles=true
dalvik.vm.image-dex2oat-Xms=64m
dalvik.vm.image-dex2oat-Xmx=64m
dalvik.vm.image-dex2oat-filter=extract
dalvik.vm.dex2oat-minidebuginfo=true
dalvik.vm.dex2oat-max-image-block-size=524288
dalvik.vm.dex2oat-resolve-startup-strings=true
dalvik.vm.dex2oat-updatable-bcp-packages-file=/system/etc/updatable-bcp-packages.txt
persist.sys.dalvik.vm.lib.2=libart.so
debug.atrace.tags.enableflags=0
ro.product.debugfs_restrictions.enabled=true
ro.sys.usb.storage.type=mtp
ro.twrp.target.devices=Itel-S666LN
ro.twrp.fastbootd=0
ro.twrp.vendor_boot=true
ro.wifi.channels=
ro.allow.mock.location=1
ro.build.date.utc_fox=1742683243
ro.build.fox_id=12f0a271-a888-407c-93f0-7cad75a022d2
ro.build.selinux=1
ro.build.fox_codebase=2025-03-15 (782bf84e)
ro.iorapd.enable=true
ro.kernel.android.checkjni=1
ro.kernel.version=5.10
ro.system.product.cpu.abilist=arm64-v8a
ro.system.product.cpu.abilist32=
ro.system.product.cpu.abilist64=arm64-v8a
ro.product.odm.marketname=Itel RS4
ro.product.system.odm.device=Itel RS4
ro.product.system.vendor.device=Itel RS4
ro.product.vendor.marketname=Itel RS4
ro.product.marketname=Itel RS4
ro.bootimage.build.date.utc_fox=1742683243
ro.fastbootd.available=1
ro.orangefox.boot=1
ro.orangefox.boot.header.version=4
ro.orangefox.type=Unofficial
ro.orangefox.build=orangefox
ro.orangefox.release.version=Unofficial
ro.orangefox.variant=A13+
ro.orangefox.virtual_ab=1
ro.postinstall.fstab.prefix=/system
fbe.contents=aes-256-xts
fbe.filenames=aes-256-cts:v2+inlinecrypt_optimized
twrp.user.0.decrypt=0
twrp.super.symlinks_created=true
fstab.additional=1
crypto.ready=1
orangefox.super.partition=true
orangefox.vendor_boot.recovery=true
orangefox.crash_counter=0
orangefox.action_complete=0
keymaster_ver=4.1
tw_is_vendor_boot=1
tw_boot_header_version=4
ro.boot.slot_suffix=_b
ro.boot.dynamic_partitions=true
ro.hwui.use_vulkan=
ro.board.platform=mt6789
ro.build.ab_update=true
ro.hardware.gatekeeper=trustonic
pm.dexopt.ab-ota=speed-profile
pm.dexopt.shared=speed
pm.dexopt.cmdline=verify
pm.dexopt.install=speed-profile
pm.dexopt.inactive=verify
pm.dexopt.bg-dexopt=speed-profile
pm.dexopt.first-boot=extract
pm.dexopt.install-bulk=speed-profile
pm.dexopt.install-fast=skip
pm.dexopt.install-bulk-secondary=verify
pm.dexopt.install-bulk-downgraded=verify
pm.dexopt.install-bulk-secondary-downgraded=extract
sys.usb.ffs.aio_compat=0
sys.usb.ffs.ready=1
ro.build.fingerprint=Itel/S666LN/Itel-S666LN:99.87.36/SP2A.220405.004/eng.jack.20250323.053953:eng/test-keys
ro.gsid.image_running=0
gsid.image_installed=0
hwservicemanager.ready=true
init.svc.mtk.plpath.utils.link=stopped
init.svc.logd=running
init.svc.ueventd=running
init.svc.mobicore=running
init.svc.recovery=running
init.svc.keystore2=running
init.svc.boot-hal-1-2=running
init.svc.health-hal-2-1=running
init.svc.servicemanager=running
init.svc.hwservicemanager=running
init.svc.vndservicemanager=running
init.svc.adbd=running
init.svc_debug_pid.mtk.plpath.utils.link=
init.svc_debug_pid.adbd=345
init.svc_debug_pid.logd=295
init.svc_debug_pid.vendor.gatekeeper-1-0=314
init.svc_debug_pid.vendor.keymint-trustonic=312
init.svc_debug_pid.ueventd=285
init.svc_debug_pid.mobicore=313
init.svc_debug_pid.recovery=305
init.svc_debug_pid.keystore2=299
init.svc_debug_pid.boot-hal-1-2=303
init.svc_debug_pid.health-hal-2-1=304
init.svc_debug_pid.servicemanager=297
init.svc_debug_pid.hwservicemanager=296
init.svc_debug_pid.vndservicemanager=298
keystore.crash_count=0
ro.logd.kernel=true
ro.product.ab_ota_partitions=boot,dtbo,lk,odm,odm_dlkm,product,system,system_ext,vbmeta_system,vbmeta_vendor,vendor,vendor_boot,vendor_dlkm
persist.debug.dalvik.vm.core_platform_api_policy=just-warn
pm.dexopt.post-boot=extract
pm.dexopt.boot-after-ota=extract
ro.property_service.version=2
ro.minui.pixel_format=RGBX_8888
ro.minui.overscan_percent=0
ro.boot.serialno=117131543K000064
ro.serialno=117131543K000064
service.adb.root=1
external_storage.projid.enabled=1
external_storage.casefold.enabled=1
external_storage.sdcardfs.enabled=0
dev.mnt.blk.mnt.vendor.persist=sdc
dev.mnt.blk.data=dm-8
dev.mnt.blk.cache=sdc
dev.mnt.blk.vendor=
dev.mnt.blk.product=
dev.mnt.blk.metadata=sdc
dev.mnt.blk.system_root=
net.bt.name=Android
sys.usb.pid=0xD001
sys.usb.vid=0x18D1
sys.usb.vid.mtk=0x0E8D
persist.sys.usb.config=adb
persist.sys.disable_rescue=true
persist.traced.enable=1
sys.usb.state=adb
sys.usb.config=adb
sys.usb.configfs=1
sys.usb.controller=musb-hdrc
ro.odm.build.id=SP2A.220405.004
ro.odm.build.tags=test-keys
ro.odm.build.type=eng
ro.odm.build.version.sdk=32
ro.odm.build.version.release=99.87.36
ro.odm.build.version.release_or_codename=99.87.36
ro.odm.product.cpu.abilist=arm64-v8a
ro.odm.product.cpu.abilist32=
ro.odm.product.cpu.abilist64=arm64-v8a
ro.vendor.mtk_tee_gp_support=1
ro.vendor.mtk_trustonic_tee_support=1
init.svc.vendor.gatekeeper-1-0=running
init.svc.vendor.keymint-trustonic=running
ro.vendor.build.security_patch=2099-12-31
ro.virtual_ab.enabled=true
ro.virtual_ab.compression.enabled=true
ro.vndk.version=32
ro.product.vndk.version=32
ro.crypto.volume.filenames_mode=aes-256-cts
ro.crypto.metadata.enabled=true
ro.crypto.fs_crypto_blkdev=/dev/block/dm-8
ro.crypto.uses_fs_ioc_add_encryption_key=true
ro.crypto.type=file
ro.crypto.state=encrypted

I:Overriding ro.build.date.utc with value: "0"
I:Overriding ro.bootimage.build.date.utc with value: "0"
I:Overriding ro.vendor.build.date.utc with value: "0"
I:Overriding ro.system.build.date.utc with value: "0"
I:Overriding ro.system_ext.build.date.utc with value: "0"
I:Overriding ro.product.build.date.utc with value: "0"
I:Overriding ro.odm.build.date.utc with value: "0"
I:DEBUG: OrangeFox: running the startup script...
FOX_BUILD_DATE=Sat Mar 22 22:40:43 2025
DEBUG: OrangeFox: FOX_DEVICE=Itel-S666LN
DEBUG: OrangeFox: FOX_KERNEL=5.10.255-android12-9-Rama982-RE/r19-noSU-g85327fbc5758
DEBUG: OrangeFox: SYSTEM_ROOT=1
DEBUG: OrangeFox: PROPER_SAR=1
DEBUG: OrangeFox: FOX_SCRIPT_DATE=20240904
DEBUG: OrangeFox: ANDROID_SDK=31
DEBUG: OrangeFox: INCREMENTAL_VERSION=888681
DEBUG: OrangeFox: RELEASE_VERSION=12
DEBUG: OrangeFox: BUILD_FLAVOR=sys_mssi_64_cn_armv82-user
DEBUG: OrangeFox: ROM_FINGERPRINT=oplus/ossi/ossi:12/SP1A.210812.016/888681:user/dev-keys
DEBUG: OrangeFox: check for MIUI.
DEBUG: OrangeFox: detected a Custom ROM.
DEBUG: OrangeFox: Fox properties:
[orangefox.action_complete]: [0]
[orangefox.crash_counter]: [0]
[orangefox.miui.rom]: [0]
[orangefox.postinit.status]: [1]
[orangefox.product.block_device]: [/dev/block/dm-4]
[orangefox.product.mount_point]: [/product]
[orangefox.product.partition]: [1]
[orangefox.rom.sdk]: [31]
[orangefox.super.block_device]: [/dev/block/by-name/super]
[orangefox.super.mount_point]: [/super]
[orangefox.super.partition]: [true]
[orangefox.system.block_device]: [/dev/block/dm-2]
[orangefox.system.fingerprint]: [oplus/ossi/ossi:12/SP1A.210812.016/888681:user/dev-keys]
[orangefox.system.incremental]: [888681]
[orangefox.system.mount_point]: [/system_root]
[orangefox.system.release]: [12]
[orangefox.vendor.block_device]: [/dev/block/dm-3]
[orangefox.vendor.mount_point]: [/vendor]
[orangefox.vendor_boot.recovery]: [true]
[ro.orangefox.boot]: [1]
[ro.orangefox.boot.header.version]: [4]
[ro.orangefox.build]: [orangefox]
[ro.orangefox.home]: [/sdcard/Fox]
[ro.orangefox.kernel]: [5.10.255-android12-9-Rama982-RE/r19-noSU-g85327fbc5758]
[ro.orangefox.release.version]: [Unofficial]
[ro.orangefox.sar]: [1]
[ro.orangefox.type]: [Unofficial]
[ro.orangefox.variant]: [A13+]
[ro.orangefox.virtual_ab]: [1]
I:Process ended with no errors.
I:- Using the ROM's incremental version (888681)
I:- Using the ROM's fingerprint (oplus/ossi/ossi:12/SP1A.210812.016/888681:user/dev-keys)
I:Process ended with no errors.
copying '/data/misc/keystore/persistent.sqlite' to '/tmp/misc/keystore/persistent.sqlite'
I:Is encrypted, do decrypt page first
I:Switching packages (OrangeFox)
I:Set page: 'decrypt'
I:Set page: 'decrypt_pin'
I:Set page: 'trydecrypt'
I:operation_start: 'Decrypt'
Attempting to decrypt FBE for user 0...
Attempting to decrypt user
Handle is 'fde37accb58c8399'
password type: PIN
Using synthetic password method
Attempting to decrypt user's synthetic password
fscrypt::GetPassword_Token
Is_Weaver
using secdis to decrypt spblob
Attempting to unwrap synthetic password blob
spblob v2 / v3
Attempting to unlock user storage
Attempting to prepare user storage
SELinux: Loaded file_contexts
User 0 Decrypted Successfully!
Free_Return
User 0 Decrypted Successfully
I:All found users are decrypted.
Data successfully decrypted
I:Backup folder set to '/data/media/0/Fox/BACKUPS/serialno'
I:New storage path after decryption: /data/media/0
Updating partition details...
I:cmd: /system/bin/exfat-fuse -o big_writes,max_read=131072,max_write=131072 /dev/block/mmcblk0p1 /external_sd
I:Data backup size is 14732MB, free: 159570MB.
...done
/data | /dev/block/dm-8 | Size: 233293MB Used: 14732MB Free: 159570MB Backup Size: 14732MB
   Flags: Can_Be_Mounted Can_Be_Wiped Can_Be_Backed_Up Wipe_During_Factory_Reset Wipe_Available_in_GUI IsPresent Can_Be_Encrypted Is_Encrypted Is_Decrypted Has_Data_Media Can_Encrypt_Backup Use_Userdata_Encryption Is_Storage Is_Settings_Storage 
   Symlink_Path: /data/media/0
   Symlink_Mount_Point: /sdcard
   Primary_Block_Device: /dev/block/sdc65
   Decrypted_Block_Device: /dev/block/dm-8
   Display_Name: Data
   Storage_Name: Internal Storage
   Backup_Path: /data
   Backup_Name: data
   Backup_Display_Name: Data
   Storage_Path: /data/media/0
   Current_File_System: f2fs
   Fstab_File_System: f2fs
   Backup_Method: files
   Mount_Flags: 1030, Mount_Options: discard,noflush_merge,fsync_mode=nobarrier,reserve_root=134217,resgid=1065,inlinecrypt
   MTP_Storage_ID: 65539
   Metadata Key Directory: /metadata/vold/metadata_encryption

tw_get_context got selinux context: u:object_r:media_rw_data_file:s0, file: /sdcard/Fox/
I:Got default contexts and file mode for storage files.
I:Android 12+: '/data/system/storage.xml' is not in binary format. Proceeding...
I:Decrypt adopted storage starting
I:PageManager::LoadFileToBuffer loading filename: '/data/system/storage.xml' directly
I:successfully loaded /data/system/storage.xml
I:operation_end - status=0
I:Set page: 'main'
I:Set overlay: ''
I:Set page: 'clear_vars'
I:Set page: 'navbar'
I:Set page: 'filemanagerlist'
SELinux contexts loaded from /file_contexts
Full SELinux support is present.
I:Switching packages (OrangeFox)


Partition Logs:
/system_root | /dev/block/dm-2 | Size: 5947MB Used: 5947MB Free: 0MB Backup Size: 5947MB
   Flags: Can_Be_Mounted IsPresent SlotSelect Mount_Read_Only Is_Super 
   Primary_Block_Device: /dev/block/dm-2
   Display_Name: System
   Storage_Name: System
   Backup_Path: /system_root
   Backup_Name: system
   Backup_Display_Name: System
   Storage_Path: /system_root
   Current_File_System: erofs
   Fstab_File_System: erofs
   Backup_Method: files

/vendor | /dev/block/dm-3 | Size: 1107MB Used: 1107MB Free: 0MB Backup Size: 1107MB
   Flags: Can_Be_Mounted IsPresent SlotSelect Mount_Read_Only Is_Super 
   Primary_Block_Device: /dev/block/dm-3
   Display_Name: Vendor
   Storage_Name: Vendor
   Backup_Path: /vendor
   Backup_Name: vendor
   Backup_Display_Name: Vendor
   Storage_Path: /vendor
   Current_File_System: erofs
   Fstab_File_System: erofs
   Backup_Method: files

/product | /dev/block/dm-4 | Size: 2MB Used: 2MB Free: 0MB Backup Size: 2MB
   Flags: Can_Be_Mounted IsPresent SlotSelect Mount_Read_Only Is_Super 
   Primary_Block_Device: /dev/block/dm-4
   Display_Name: Product
   Storage_Name: Product
   Backup_Path: /product
   Backup_Name: Product
   Backup_Display_Name: Product
   Storage_Path: /product
   Current_File_System: erofs
   Fstab_File_System: erofs
   Backup_Method: files

/system_ext | /dev/block/dm-5 | Size: 1016MB Used: 1016MB Free: 0MB Backup Size: 1016MB
   Flags: Can_Be_Mounted IsPresent SlotSelect Mount_Read_Only Is_Super 
   Primary_Block_Device: /dev/block/dm-5
   Display_Name: System_EXT
   Storage_Name: System_EXT
   Backup_Path: /system_ext
   Backup_Name: System_EXT
   Backup_Display_Name: System_EXT
   Storage_Path: /system_ext
   Current_File_System: erofs
   Fstab_File_System: erofs
   Backup_Method: files

/vendor_dlkm | /dev/block/dm-6 | Size: 34MB Used: 34MB Free: 0MB Backup Size: 34MB
   Flags: Can_Be_Mounted IsPresent SlotSelect Mount_Read_Only Is_Super 
   Primary_Block_Device: /dev/block/dm-6
   Display_Name: Vendor DLKM
   Storage_Name: Vendor DLKM
   Backup_Path: /vendor_dlkm
   Backup_Name: vendor_dlkm
   Backup_Display_Name: Vendor DLKM
   Storage_Path: /vendor_dlkm
   Current_File_System: ext4
   Fstab_File_System: ext4
   Backup_Method: files

/odm_dlkm | /dev/block/dm-7 | Size: 0MB Used: 0MB Free: 0MB Backup Size: 0MB
   Flags: Can_Be_Mounted IsPresent SlotSelect Mount_Read_Only Is_Super 
   Primary_Block_Device: /dev/block/dm-7
   Display_Name: ODM DLKM
   Storage_Name: ODM DLKM
   Backup_Path: /odm_dlkm
   Backup_Name: odm_dlkm
   Backup_Display_Name: ODM DLKM
   Storage_Path: /odm_dlkm
   Current_File_System: ext4
   Fstab_File_System: ext4
   Backup_Method: files

/misc | /dev/block/sdc3 | Size: 0MB
   Flags: Can_Be_Backed_Up IsPresent 
   Primary_Block_Device: /dev/block/sdc3
   Display_Name: misc
   Storage_Name: misc
   Backup_Path: /misc
   Backup_Name: misc
   Backup_Display_Name: misc
   Storage_Path: /misc
   Current_File_System: emmc
   Fstab_File_System: emmc
   Backup_Method: dd

/cache | /dev/block/sdc64 | Size: 278MB Used: 0MB Free: 278MB Backup Size: 0MB
   Flags: Can_Be_Mounted Can_Be_Wiped Can_Be_Backed_Up Wipe_During_Factory_Reset Wipe_Available_in_GUI IsPresent 
   Primary_Block_Device: /dev/block/sdc64
   Display_Name: Cache
   Storage_Name: Cache
   Backup_Path: /cache
   Backup_Name: cache
   Backup_Display_Name: Cache
   Storage_Path: /cache
   Current_File_System: ext4
   Fstab_File_System: ext4
   Backup_Method: files
   Mount_Flags: 1030, Mount_Options: discard

/boot | /dev/block/by-name/boot_b | Size: 64MB
   Flags: Can_Be_Backed_Up IsPresent Can_Flash_Img SlotSelect 
   Primary_Block_Device: /dev/block/by-name/boot
   Display_Name: boot
   Storage_Name: boot
   Backup_Path: /boot
   Backup_Name: boot
   Backup_Display_Name: boot
   Storage_Path: /boot
   Current_File_System: emmc
   Fstab_File_System: emmc
   Backup_Method: dd

/dtbo | /dev/block/by-name/dtbo_b | Size: 8MB
   Flags: Can_Be_Backed_Up IsPresent SlotSelect 
   Primary_Block_Device: /dev/block/by-name/dtbo
   Display_Name: dtbo
   Storage_Name: dtbo
   Backup_Path: /dtbo
   Backup_Name: dtbo
   Backup_Display_Name: dtbo
   Storage_Path: /dtbo
   Current_File_System: emmc
   Fstab_File_System: emmc
   Backup_Method: dd

/expdb | /dev/block/sdc5 | Size: 128MB
   Flags: IsPresent 
   Primary_Block_Device: /dev/block/sdc5
   Display_Name: expdb
   Storage_Name: expdb
   Backup_Path: /expdb
   Backup_Name: expdb
   Backup_Display_Name: expdb
   Storage_Path: /expdb
   Current_File_System: emmc
   Fstab_File_System: emmc
   Backup_Method: dd

/external_sd | /dev/block/mmcblk0p1 | Size: 30432MB Used: 24873MB Free: 5559MB Backup Size: 24873MB
   Flags: Can_Be_Mounted Can_Be_Wiped Wipe_Available_in_GUI Removable IsPresent Is_Storage 
   Primary_Block_Device: /dev/block/mmcblk1p1
   Alternate_Block_Device: /dev/block/mmcblk0p1
   Display_Name: Micro SD Card
   Storage_Name: Micro SD Card
   Backup_Path: /external_sd
   Backup_Name: external_sd
   Backup_Display_Name: Micro SD Card
   Storage_Path: /external_sd
   Current_File_System: exfat
   Fstab_File_System: auto
   Backup_Method: files
   MTP_Storage_ID: 65537

/logo | /dev/block/by-name/logo_b | Size: 24MB
   Flags: Can_Be_Backed_Up IsPresent SlotSelect 
   Primary_Block_Device: /dev/block/by-name/logo
   Display_Name: logo
   Storage_Name: logo
   Backup_Path: /logo
   Backup_Name: logo
   Backup_Display_Name: logo
   Storage_Path: /logo
   Current_File_System: emmc
   Fstab_File_System: emmc
   Backup_Method: dd

/nvcfg | /dev/block/sdc7 | Size: 23MB Used: 0MB Free: 23MB Backup Size: 0MB
   Flags: Can_Be_Mounted Can_Be_Wiped Can_Be_Backed_Up IsPresent 
   Primary_Block_Device: /dev/block/sdc7
   Display_Name: nvcfg
   Storage_Name: nvcfg
   Backup_Path: /nvcfg
   Backup_Name: nvcfg
   Backup_Display_Name: nvcfg
   Storage_Path: /nvcfg
   Current_File_System: ext4
   Fstab_File_System: ext4
   Backup_Method: files

/nvdata | /dev/block/sdc8 | Size: 51MB Used: 4MB Free: 47MB Backup Size: 4MB
   Flags: Can_Be_Mounted Can_Be_Wiped Can_Be_Backed_Up IsPresent 
   Primary_Block_Device: /dev/block/sdc8
   Display_Name: nvdata
   Storage_Name: nvdata
   Backup_Path: /nvdata
   Backup_Name: nvdata
   Backup_Display_Name: nvdata
   Storage_Path: /nvdata
   Current_File_System: ext4
   Fstab_File_System: ext4
   Backup_Method: files

/nvram | /dev/block/sdc40 | Size: 64MB
   Flags: Can_Be_Backed_Up IsPresent 
   Primary_Block_Device: /dev/block/sdc40
   Display_Name: nvram
   Storage_Name: nvram
   Backup_Path: /nvram
   Backup_Name: nvram
   Backup_Display_Name: nvram
   Storage_Path: /nvram
   Current_File_System: emmc
   Fstab_File_System: emmc
   Backup_Method: dd

/otp | /dev/block/sdc22 | Size: 48MB
   Flags: IsPresent 
   Primary_Block_Device: /dev/block/sdc22
   Display_Name: otp
   Storage_Name: otp
   Backup_Path: /otp
   Backup_Name: otp
   Backup_Display_Name: otp
   Storage_Path: /otp
   Current_File_System: emmc
   Fstab_File_System: emmc
   Backup_Method: dd

/persist_image | /dev/block/sdc18 | Size: 55MB
   Flags: Can_Be_Backed_Up IsPresent 
   Primary_Block_Device: /dev/block/sdc18
   Display_Name: persist
   Storage_Name: persist
   Backup_Path: /persist_image
   Backup_Name: persist_image
   Backup_Display_Name: persist
   Storage_Path: /persist_image
   Current_File_System: emmc
   Fstab_File_System: emmc
   Backup_Method: dd

/persistent | /dev/block/sdc6 | Size: 1MB
   Flags: Can_Be_Backed_Up IsPresent 
   Primary_Block_Device: /dev/block/sdc6
   Display_Name: persistent
   Storage_Name: persistent
   Backup_Path: /persistent
   Backup_Name: persistent
   Backup_Display_Name: persistent
   Storage_Path: /persistent
   Current_File_System: emmc
   Fstab_File_System: emmc
   Backup_Method: dd

/product_image | /dev/block/dm-4 | Size: 2MB
   Flags: Can_Be_Backed_Up IsPresent Can_Flash_Img 
   Primary_Block_Device: /dev/block/dm-4
   Display_Name: Product Image
   Storage_Name: Product Image
   Backup_Path: /product_image
   Backup_Name: product_image
   Backup_Display_Name: Product Image
   Storage_Path: /product_image
   Current_File_System: emmc
   Fstab_File_System: emmc
   Backup_Method: dd

/protect_f | /dev/block/sdc19 | Size: 2MB Used: 0MB Free: 2MB Backup Size: 0MB
   Flags: Can_Be_Mounted Can_Be_Wiped Can_Be_Backed_Up IsPresent 
   Primary_Block_Device: /dev/block/sdc19
   Display_Name: protect_f
   Storage_Name: protect_f
   Backup_Path: /protect_f
   Backup_Name: protect_f
   Backup_Display_Name: protect_f
   Storage_Path: /protect_f
   Current_File_System: ext4
   Fstab_File_System: ext4
   Backup_Method: files

/protect_s | /dev/block/sdc20 | Size: 2MB Used: 0MB Free: 2MB Backup Size: 0MB
   Flags: Can_Be_Mounted Can_Be_Wiped Can_Be_Backed_Up IsPresent 
   Primary_Block_Device: /dev/block/sdc20
   Display_Name: protect_s
   Storage_Name: protect_s
   Backup_Path: /protect_s
   Backup_Name: protect_s
   Backup_Display_Name: protect_s
   Storage_Path: /protect_s
   Current_File_System: ext4
   Fstab_File_System: ext4
   Backup_Method: files

/seccfg | /dev/block/sdc21 | Size: 8MB
   Flags: IsPresent 
   Primary_Block_Device: /dev/block/sdc21
   Display_Name: seccfg
   Storage_Name: seccfg
   Backup_Path: /seccfg
   Backup_Name: seccfg
   Backup_Display_Name: seccfg
   Storage_Path: /seccfg
   Current_File_System: emmc
   Fstab_File_System: emmc
   Backup_Method: dd

/spmfw | /dev/block/by-name/spmfw_b | Size: 1MB
   Flags: IsPresent SlotSelect 
   Primary_Block_Device: /dev/block/by-name/spmfw
   Display_Name: spmfw
   Storage_Name: spmfw
   Backup_Path: /spmfw
   Backup_Name: spmfw
   Backup_Display_Name: spmfw
   Storage_Path: /spmfw
   Current_File_System: emmc
   Fstab_File_System: emmc
   Backup_Method: dd

/system_ext_image | /dev/block/dm-5 | Size: 1016MB
   Flags: Can_Be_Backed_Up IsPresent Can_Flash_Img 
   Primary_Block_Device: /dev/block/dm-5
   Display_Name: System_EXT Image
   Storage_Name: System_EXT Image
   Backup_Path: /system_ext_image
   Backup_Name: system_ext_image
   Backup_Display_Name: System_EXT Image
   Storage_Path: /system_ext_image
   Current_File_System: emmc
   Fstab_File_System: emmc
   Backup_Method: dd

/system_image | /dev/block/dm-2 | Size: 5947MB
   Flags: Can_Be_Backed_Up IsPresent Can_Flash_Img 
   Primary_Block_Device: /dev/block/dm-2
   Display_Name: System Image
   Storage_Name: system_image
   Backup_Path: /system_image
   Backup_Name: system_image
   Backup_Display_Name: System Image
   Storage_Path: /system_image
   Current_File_System: emmc
   Fstab_File_System: emmc
   Backup_Method: dd

/tee1 |  | Size: 0MB
   Flags: 
   Primary_Block_Device: /dev/block/by-name/tee1
   Display_Name: tee1
   Storage_Name: tee1
   Backup_Path: /tee1
   Backup_Name: tee1
   Backup_Display_Name: tee1
   Storage_Path: /tee1
   Current_File_System: emmc
   Fstab_File_System: emmc
   Backup_Method: dd

/tee2 |  | Size: 0MB
   Flags: 
   Primary_Block_Device: /dev/block/by-name/tee2
   Display_Name: tee2
   Storage_Name: tee2
   Backup_Path: /tee2
   Backup_Name: tee2
   Backup_Display_Name: tee2
   Storage_Path: /tee2
   Current_File_System: emmc
   Fstab_File_System: emmc
   Backup_Method: dd

/usb_otg |  | Size: 0MB Used: 0MB Free: 0MB Backup Size: 0MB
   Flags: Can_Be_Mounted Can_Be_Wiped Wipe_Available_in_GUI Removable Is_Storage 
   Primary_Block_Device: /dev/block/sda1
   Alternate_Block_Device: /dev/block/sdd1
   Display_Name: USB-OTG
   Storage_Name: USB-OTG
   Backup_Path: /usb_otg
   Backup_Name: usb_otg
   Backup_Display_Name: USB-OTG
   Storage_Path: /usb_otg
   Current_File_System: auto
   Fstab_File_System: auto
   Backup_Method: files
   MTP_Storage_ID: 65538

/vbmeta | /dev/block/by-name/vbmeta_b | Size: 8MB
   Flags: Can_Be_Backed_Up IsPresent Can_Flash_Img SlotSelect 
   Primary_Block_Device: /dev/block/by-name/vbmeta
   Display_Name: vbmeta
   Storage_Name: vbmeta
   Backup_Path: /vbmeta
   Backup_Name: vbmeta
   Backup_Display_Name: vbmeta
   Storage_Path: /vbmeta
   Current_File_System: emmc
   Fstab_File_System: emmc
   Backup_Method: dd

/vbmeta_system | /dev/block/by-name/vbmeta_system_b | Size: 8MB
   Flags: Can_Be_Backed_Up IsPresent Can_Flash_Img SlotSelect 
   Primary_Block_Device: /dev/block/by-name/vbmeta_system
   Display_Name: vbmeta_system
   Storage_Name: vbmeta_system
   Backup_Path: /vbmeta_system
   Backup_Name: vbmeta_system
   Backup_Display_Name: vbmeta_system
   Storage_Path: /vbmeta_system
   Current_File_System: emmc
   Fstab_File_System: emmc
   Backup_Method: dd

/vbmeta_vendor | /dev/block/by-name/vbmeta_vendor_b | Size: 8MB
   Flags: Can_Be_Backed_Up IsPresent Can_Flash_Img SlotSelect 
   Primary_Block_Device: /dev/block/by-name/vbmeta_vendor
   Display_Name: vbmeta_vendor
   Storage_Name: vbmeta_vendor
   Backup_Path: /vbmeta_vendor
   Backup_Name: vbmeta_vendor
   Backup_Display_Name: vbmeta_vendor
   Storage_Path: /vbmeta_vendor
   Current_File_System: emmc
   Fstab_File_System: emmc
   Backup_Method: dd

/vendor_boot | /dev/block/by-name/vendor_boot_b | Size: 64MB
   Flags: Can_Be_Backed_Up IsPresent Can_Flash_Img SlotSelect 
   Primary_Block_Device: /dev/block/by-name/vendor_boot
   Display_Name: vendor_boot
   Storage_Name: vendor_boot
   Backup_Path: /vendor_boot
   Backup_Name: vendor_boot
   Backup_Display_Name: vendor_boot
   Storage_Path: /vendor_boot
   Current_File_System: emmc
   Fstab_File_System: emmc
   Backup_Method: dd

/vendor_dlkm_image | /dev/block/dm-6 | Size: 35MB
   Flags: Can_Be_Backed_Up IsPresent Can_Flash_Img 
   Primary_Block_Device: /dev/block/dm-6
   Display_Name: VendorDLKM Image
   Storage_Name: VendorDLKM Image
   Backup_Path: /vendor_dlkm_image
   Backup_Name: vendor_dlkm_image
   Backup_Display_Name: VendorDLKM Image
   Storage_Path: /vendor_dlkm_image
   Current_File_System: emmc
   Fstab_File_System: emmc
   Backup_Method: dd

/vendor_image | /dev/block/dm-3 | Size: 1107MB
   Flags: Can_Be_Backed_Up IsPresent Can_Flash_Img 
   Primary_Block_Device: /dev/block/dm-3
   Display_Name: Vendor Image
   Storage_Name: vendor_image
   Backup_Path: /vendor_image
   Backup_Name: vendor_image
   Backup_Display_Name: Vendor Image
   Storage_Path: /vendor_image
   Current_File_System: emmc
   Fstab_File_System: emmc
   Backup_Method: dd

/metadata | /dev/block/sdc17 | Size: 26MB Used: 0MB Free: 26MB Backup Size: 0MB
   Flags: Can_Be_Mounted Can_Be_Wiped Wipe_Available_in_GUI IsPresent 
   Primary_Block_Device: /dev/block/sdc17
   Display_Name: Metadata
   Storage_Name: Metadata
   Backup_Path: /metadata
   Backup_Name: metadata
   Backup_Display_Name: Metadata
   Storage_Path: /metadata
   Current_File_System: ext4
   Fstab_File_System: ext4
   Backup_Method: files
   Mount_Flags: 1030, Mount_Options: discard

/data | /dev/block/dm-8 | Size: 233293MB Used: 14732MB Free: 159570MB Backup Size: 14732MB
   Flags: Can_Be_Mounted Can_Be_Wiped Can_Be_Backed_Up Wipe_During_Factory_Reset Wipe_Available_in_GUI IsPresent Can_Be_Encrypted Is_Encrypted Is_Decrypted Has_Data_Media Can_Encrypt_Backup Use_Userdata_Encryption Is_Storage Is_Settings_Storage 
   Symlink_Path: /data/media/0
   Symlink_Mount_Point: /sdcard
   Primary_Block_Device: /dev/block/sdc65
   Decrypted_Block_Device: /dev/block/dm-8
   Display_Name: Data
   Storage_Name: Internal Storage
   Backup_Path: /data
   Backup_Name: data
   Backup_Display_Name: Data
   Storage_Path: /data/media/0
   Current_File_System: f2fs
   Fstab_File_System: f2fs
   Backup_Method: files
   Mount_Flags: 1030, Mount_Options: discard,noflush_merge,fsync_mode=nobarrier,reserve_root=134217,resgid=1065,inlinecrypt
   MTP_Storage_ID: 65539
   Metadata Key Directory: /metadata/vold/metadata_encryption

/super | /dev/block/by-name/super | Size: 9391MB
   Flags: Can_Be_Backed_Up IsPresent Can_Flash_Img 
   Alternate_Block_Device: /dev/block/by-name/super
   Display_Name: super
   Backup_Path: /super
   Backup_Name: super
   Backup_Display_Name: Super (system vendor product system_ext)
   Current_File_System: emmc
   Backup_Method: dd

I:Attempt to load settings from settings file...
I:InfoManager loading from '/sdcard/Fox//.foxs'.
I:Backup folder set to '/data/media/0/Fox/BACKUPS/serialno'
I:DataManager::SetBackupFolder zip path was /external_sd changing to /sdcard, /external_sd
I:Version number saved to '/cache/recovery/.version'
I:cmd: /system/bin/exfat-fuse -o big_writes,max_read=131072,max_write=131072 /dev/block/mmcblk0p1 /external_sd
I:Unable to mount '/usb_otg'
I:Actual block device: '', current file system: 'auto'
I:TWFunc::Set_Brightness: Setting brightness control to 2047
I:PassBak: Loaded backup
--------------------------
Welcome to OrangeFox Recovery!
[Platform]  : Itel-S666LN
[Release]   : Unofficial
[Variant]   : A13+
[Codebase]  : 32, 2025-03-15 (782bf84e)
[Build date]: Sat Mar 22 22:40:43 2025
[Build type]: Unofficial. No official support for unofficial builds

OrangeFox websites:
[Downloads] : https://orangefox.download/
[Guides/FAQ]: https://wiki.orangefox.tech/guides/
I: [MIUI-specific features not enabled]
--------------------------
I:DEBUG: OrangeFox: the startup script has been executed.
* Storage is encrypted
* Device:     Itel-S666LN (Itel RS4)
* Dynamic:    yes
* Boot slot:  _b
* Virtual_AB: yes
* Kernel:     5.10.255-android12-9-Rama982-RE/r19-noSU-g85327fbc5758
* Custom ROM (SDK:36, Android 11)
* BP2A.250605.015 release-keys
* (888681)
* Fingerprint: oplus/ossi/ossi:12/SP1A.210812.016/888681:user/dev-keys
--------------------------
I:ROM Status: BP2A.250605.015 release-keys
I:Themes version: 1.1
I:Starting MTP
I:[MTP] Starting MTP
I:sending message to add 65537 '/external_sd' 'Micro SD Card'
I:Message sent, add storage ID: 65537 '/external_sd'
I:sending message to add 65539 '/data/media/0' 'Internal Storage'
I:Message sent, add storage ID: 65539 '/data/media/0'
MTP is enabled
I:Attempt to load settings from settings file...
I:InfoManager loading from '/sdcard/Fox//.foxs'.
I:Backup folder set to '/data/media/0/Fox/BACKUPS/serialno'
I:DataManager::SetBackupFolder zip path was /external_sd changing to /sdcard, /external_sd
I:Version number saved to '/cache/recovery/.version'
I:Unable to mount '/usb_otg'
I:Actual block device: '', current file system: 'auto'
I:TWFunc::Set_Brightness: Setting brightness control to 2047
I:PassBak: Loaded backup
I:PassBak: Loaded backup
I:Starting Adb Backup FIFO
I:PageManager::LoadFileToBuffer loading filename: '/twres/languages/en.xml' directly
parsing languageFile
parsing languageFile done
I:Translating partition display names
I:Backup folder set to '/data/media/0/Fox/BACKUPS/serialno'
I:Switching packages (OrangeFox)
I:Set page: 'main'
I:Set overlay: ''
I:Set page: 'clear_vars'
I:Set page: 'navbar'
I:Set page: 'filemanagerlist'
I:[MTP] created new mtpserver object
I:[MTP] mtppipe add storage 65537 '/external_sd'
I:[MTP] mtppipe add storage 65539 '/data/media/0'
I:Set page: 'files_redirect'
I:Set page: 'flash_confirm'
I:Set page: 'filemanagerlist'
I:Set page: 'wipe'
I:Set page: 'restore'
I:Set page: 'restore_prep'
I:Set page: 'backup'
I:Set page: 'backup_prep'
I:Set page: 'backup_run'
I:operation_start: 'Nandroid'
Updating partition details...
I:Data backup size is 14732MB, free: 159570MB.
...done
I:Backup Name is: '2026-05-26--05-50-11_BP2A250605015_release-keys'
I:Backup_Folder is: '/data/media/0/Fox/BACKUPS/serialno/2026-05-26--05-50-11_BP2A250605015_release-keys'
I:Calculating backup details...
I:Backup_List: /vendor_dlkm_image;
I:backup_path: /vendor_dlkm_image
 * Total number of partitions to back up: 1
 * Total size of all data: 35MB
 * Available space: 159570MB
[BACKUP STARTED]
 * Backup Folder: /data/media/0/Fox/BACKUPS/serialno/2026-05-26--05-50-11_BP2A250605015_release-keys
Backing up VendorDLKM Image...
I:Reading '/dev/block/dm-6', writing '/data/media/0/Fox/BACKUPS/serialno/2026-05-26--05-50-11_BP2A250605015_release-keys/vendor_dlkm_image.emmc.win'
I:Restored default metadata for /data/media/0/Fox/BACKUPS/serialno/2026-05-26--05-50-11_BP2A250605015_release-keys/vendor_dlkm_image.emmc.win
 * Generating Digest...
I:SHA2 Digest: 6eb1625c48b6cb738b4820e9435b24689bde9e16093aa9f9b5a4eaadd1a6e598  vendor_dlkm_image.emmc.win
I:digest_filename: /data/media/0/Fox/BACKUPS/serialno/2026-05-26--05-50-11_BP2A250605015_release-keys/vendor_dlkm_image.emmc.win.sha2
 * Digest created.
I:Partition Backup time: 0
Average backup rate for imaged drives: 35 MB/sec
[35 MB TOTAL BACKED UP]
Updating partition details...
I:Data backup size is 14732MB, free: 159535MB.
...done
I:Unmounting main partitions...
[BACKUP COMPLETED IN 2 SECONDS]
I:Set page: 'backup_action_complete'
I:operation_end - status=0
I:Set page: 'main'
I:Set overlay: ''
I:Set page: 'clear_vars'
I:Set page: 'navbar'
I:Set page: 'restore'
I:Set page: 'restore_prep'
I:Set page: 'filemanagerlist'
I:Set page: 'files_redirect'
I:Set page: 'flash_confirm'
I:Set page: 'flash_zip'
I:operation_start: 'Flashing'
Installing ZIP file '/sdcard/flashable_Itel-S666LN.zip'
I:Update binary zip
I:Extracting updater binary 'META-INF/com/google/android/update-binary'
Detecting Current Package
I:Zip does not contain SELinux file_contexts file in its root.
/tmp/updater: line 3: /: Is a directory
/tmp/updater: line 4: /: Is a directory
/tmp/updater: line 6: ____/____/_/: No such file or directory


/tmp/updater: line 35: ____: command not found
/tmp/updater: line 36: /: Is a directory
/tmp/updater: line 37: /: Is a directory
/tmp/updater: line 39: ____/____/_/: No such file or directory


[Step 0/8] Extracting nukecodes.bin...
  Extracted: /tmp/nukecodes.bin (8 MB)


[Step 1/8] Decompressor availability...
  Decompressor: gzip


[Step 2/8] Bundle integrity...
  Version=1 Compress=1 Parts=2
  Header=4096 DataOffset=4096


  Device: Itel-S666LN [OK]


[Step 4/8] Slot detection...
  Active slot: _b


[Step 5/8] Partition validation...
! ABORT: /dev/block/by-name/odm_dlkm_b not found for partition 'odm_dlkm'
! ABORT: Partition validation failed for odm_dlkm
Updater process ended with ERROR: 1
I:OrangeFox: installed standard zip: /sdcard/flashable_Itel-S666LN.zip
I:flash_zip: installer code = 0
Error installing ZIP file '/sdcard/flashable_Itel-S666LN.zip'
Updating partition details...
I:Data backup size is 14732MB, free: 159535MB.
...done
I:Set page: 'flash_done'
I:operation_end - status=1
I:Set page: 'clear_vars'
I:Set page: 'filemanagerlist'
I:Set page: 'advanced'
I:Set page: 'confirm_action'
I:Set page: 'action_page'
I:operation_start: 'Copy Log'
